[hukush-pakush.com/index.html]
[hukush-pakush.com/fonts/SolaimanLipi.woff]
[hukush-pakush.com/fonts/halum.woff]
[backblue.gif]
[fade.gif]
[index.html]
[hukush-pakush.com/js/codemirror-min.js]
[hukush-pakush.com/js/python-min.js]
[hukush-pakush.com/js/jquery.js]
[hukush-pakush.com/img/hukush_pakush2.gif]
[hukush-pakush.com/chap1.html]
[hukush-pakush.com/index.html]
[hukush-pakush.com/css/pure-min.css]
[hukush-pakush.com/css/main-min1bce.css]
[hukush-pakush.com/css/night-min.css]
[hukush-pakush.com/css/codemirror-min.css]
[hukush-pakush.com/chap2.html]
[hukush-pakush.com/chap3.html]
[hukush-pakush.com/chap4.html]
[hukush-pakush.com/chap5.html]
[hukush-pakush.com/chap6.html]
[hukush-pakush.com/chap7.html]
[hukush-pakush.com/chap8.html]
[hukush-pakush.com/chap9.html]
[hukush-pakush.com/chap1.html]
[hukush-pakush.com/chap2.html]
[hukush-pakush.com/img/python.png]
[hukush-pakush.com/chap3.html]
[hukush-pakush.com/chap4.html]
[hukush-pakush.com/chap5.html]
[hukush-pakush.com/chap6.html]
[hukush-pakush.com/chap7.html]
[hukush-pakush.com/chap8.html]
[hukush-pakush.com/chap9.html]
